// Jest Snapshot v1, https://goo.gl/fbAQLP

exports[`render address book UI 1`] = `
<div>
  <Button
    onClick={[Function]}
  >
    Add
  </Button>
</div>
`;
